c:\users\student\desktop\2daction\2daction\2d actiongame\debug\vc142.pdb
c:\users\student\desktop\2daction\2daction\2d actiongame\debug\vc142.idb
c:\users\student\desktop\2daction\2daction\2d actiongame\debug\wave.obj
c:\users\student\desktop\2daction\2daction\2d actiongame\debug\title.obj
c:\users\student\desktop\2daction\2daction\2d actiongame\debug\time.obj
c:\users\student\desktop\2daction\2daction\2d actiongame\debug\sound.obj
c:\users\student\desktop\2daction\2daction\2d actiongame\debug\score.obj
c:\users\student\desktop\2daction\2daction\2d actiongame\debug\result.obj
c:\users\student\desktop\2daction\2daction\2d actiongame\debug\ranking.obj
c:\users\student\desktop\2daction\2daction\2d actiongame\debug\rank.obj
c:\users\student\desktop\2daction\2daction\2d actiongame\debug\player.obj
c:\users\student\desktop\2daction\2daction\2d actiongame\debug\pause.obj
c:\users\student\desktop\2daction\2daction\2d actiongame\debug\particle.obj
c:\users\student\desktop\2daction\2daction\2d actiongame\debug\main.obj
c:\users\student\desktop\2daction\2daction\2d actiongame\debug\input.obj
c:\users\student\desktop\2daction\2daction\2d actiongame\debug\fade.obj
c:\users\student\desktop\2daction\2daction\2d actiongame\debug\explosion.obj
c:\users\student\desktop\2daction\2daction\2d actiongame\debug\enemy.obj
c:\users\student\desktop\2daction\2daction\2d actiongame\debug\effect.obj
c:\users\student\desktop\2daction\2daction\2d actiongame\debug\block.obj
c:\users\student\desktop\2daction\2daction\2d actiongame\debug\2d actiongame.tlog\cl.command.1.tlog
c:\users\student\desktop\2daction\2daction\2d actiongame\debug\2d actiongame.tlog\cl.read.1.tlog
c:\users\student\desktop\2daction\2daction\2d actiongame\debug\2d actiongame.tlog\cl.write.1.tlog
